

*******************************************************************************
Mon Mar 30 09:46:40 2026


FIT:    data read from "data.dat" using 1:2
        format = x:z
        #datapoints = 50
        residuals are weighted equally (unit weight)

function used for fitting: f(x)
	f(x)=a*x**3
fitted parameters initialized with current variable values

iter      chisq       delta/lim  lambda   a            
   0 1.1957587190e+17   0.00e+00  4.89e+07    1.000000e+00
   5 4.8344158524e-05   0.00e+00  4.89e+02    5.213268e-10

After 5 iterations the fit converged.
final sum of squares of residuals : 4.83442e-05
rel. change during last iteration : 0

degrees of freedom    (FIT_NDF)                        : 49
rms of residuals      (FIT_STDFIT) = sqrt(WSSR/ndf)    : 0.000993285
variance of residuals (reduced chisquare) = WSSR/ndf   : 9.86615e-07

Final set of parameters            Asymptotic Standard Error
=======================            ==========================
a               = 5.21327e-10      +/- 2.872e-12    (0.551%)


*******************************************************************************
Mon Mar 30 09:51:17 2026


FIT:    data read from "data.dat" using 1:2
        format = x:z
        #datapoints = 50
        residuals are weighted equally (unit weight)

function used for fitting: f(x)
	f(x)=a*x**3
fitted parameters initialized with current variable values

iter      chisq       delta/lim  lambda   a            
   0 1.1957587190e+17   0.00e+00  4.89e+07    1.000000e+00
   5 4.8344158524e-05   0.00e+00  4.89e+02    5.213268e-10

After 5 iterations the fit converged.
final sum of squares of residuals : 4.83442e-05
rel. change during last iteration : 0

degrees of freedom    (FIT_NDF)                        : 49
rms of residuals      (FIT_STDFIT) = sqrt(WSSR/ndf)    : 0.000993285
variance of residuals (reduced chisquare) = WSSR/ndf   : 9.86615e-07

Final set of parameters            Asymptotic Standard Error
=======================            ==========================
a               = 5.21327e-10      +/- 2.872e-12    (0.551%)


*******************************************************************************
Tue Mar 31 10:58:38 2026


FIT:    data read from "data.dat" using 1:2
        format = x:z
BREAK: No data to fit

*******************************************************************************
Tue Mar 31 11:02:30 2026


FIT:    data read from "data.dat" using 1:2
        format = x:z
        #datapoints = 50
        residuals are weighted equally (unit weight)

function used for fitting: f(x)
	f(x) = a*x**3
fitted parameters initialized with current variable values

iter      chisq       delta/lim  lambda   a            
   0 1.1957587175e+17   0.00e+00  4.89e+07    1.000000e+00
   5 1.2007708234e-02  -1.44e-11  4.89e+05    1.133594e-09

After 5 iterations the fit converged.
final sum of squares of residuals : 0.0120077
rel. change during last iteration : -1.44467e-16

degrees of freedom    (FIT_NDF)                        : 49
rms of residuals      (FIT_STDFIT) = sqrt(WSSR/ndf)    : 0.0156542
variance of residuals (reduced chisquare) = WSSR/ndf   : 0.000245055

Final set of parameters            Asymptotic Standard Error
=======================            ==========================
a               = 1.13359e-09      +/- 4.527e-11    (3.993%)
